FileNotFoundError: [Errno 2] No such file or directory: '/usr/local/lsws/Example/html/final-entity/config/config/wsgi'
FileNotFoundError: [Errno 2] No such file or directory: '/usr/local/lsws/Example/html/final-entity/config/config/wsgi'
[UID:65534][303340] packetLen < 0
FileNotFoundError: [Errno 2] No such file or directory: '/usr/local/lsws/Example/html/final-entity/config/config/wsgi'
[UID:65534][303341] packetLen < 0
FileNotFoundError: [Errno 2] No such file or directory: '/usr/local/lsws/Example/html/final-entity/config/config/wsgi'
[UID:65534][303340] packetLen < 0
FileNotFoundError: [Errno 2] No such file or directory: '/usr/local/lsws/Example/html/final-entity/config/config/wsgi'
[UID:65534][303340] packetLen < 0
FileNotFoundError: [Errno 2] No such file or directory: '/usr/local/lsws/Example/html/final-entity/config/config/wsgi'
[UID:65534][303340] packetLen < 0
FileNotFoundError: [Errno 2] No such file or directory: '/usr/local/lsws/Example/html/final-entity/config/config/wsgi'
[UID:65534][303340] packetLen < 0
FileNotFoundError: [Errno 2] No such file or directory: '/usr/local/lsws/Example/html/final-entity/config/config/wsgi'
[UID:65534][303340] packetLen < 0
FileNotFoundError: [Errno 2] No such file or directory: '/usr/local/lsws/Example/html/final-entity/config/config/wsgi'
[UID:65534][303340] packetLen < 0
FileNotFoundError: [Errno 2] No such file or directory: '/usr/local/lsws/Example/html/final-entity/config/config/wsgi'
[UID:65534][303448] packetLen < 0
FileNotFoundError: [Errno 2] No such file or directory: '/usr/local/lsws/Example/html/final-entity/config/config/wsgi'
[UID:65534][303449] packetLen < 0
FileNotFoundError: [Errno 2] No such file or directory: '/usr/local/lsws/Example/html/final-entity/config/config/wsgi'
[UID:65534][303516] packetLen < 0
FileNotFoundError: [Errno 2] No such file or directory: '/usr/local/lsws/Example/html/final-entity/config/config/wsgi'
[UID:65534][303516] packetLen < 0
FileNotFoundError: [Errno 2] No such file or directory: '/usr/local/lsws/Example/html/final-entity/config/config/wsgi'
[UID:65534][303516] packetLen < 0
FileNotFoundError: [Errno 2] No such file or directory: '/usr/local/lsws/Example/html/final-entity/config/config/wsgi'
[UID:65534][303516] packetLen < 0
FileNotFoundError: [Errno 2] No such file or directory: '/usr/local/lsws/Example/html/final-entity/config/config/wsgi'
[UID:65534][303516] packetLen < 0
FileNotFoundError: [Errno 2] No such file or directory: '/usr/local/lsws/Example/html/final-entity/config/config/wsgi'
[UID:65534][303516] packetLen < 0
FileNotFoundError: [Errno 2] No such file or directory: '/usr/local/lsws/Example/html/final-entity/config/config/wsgi'
[UID:65534][303516] packetLen < 0
[UID:65534][305371] Child process with pid: 305372 was killed by signal: 15, core dumped: no
[UID:65534][305530] Child process with pid: 306010 was killed by signal: 15, core dumped: no
[UID:65534][305530] Child process with pid: 306011 was killed by signal: 15, core dumped: no
[UID:65534][306211] Child process with pid: 306212 was killed by signal: 15, core dumped: no
[UID:65534][306211] Child process with pid: 306220 was killed by signal: 15, core dumped: no
[UID:65534][307086] Child process with pid: 307144 was killed by signal: 15, core dumped: no
[UID:65534][307086] Child process with pid: 307208 was killed by signal: 15, core dumped: no
[UID:65534][307715] Child process with pid: 307716 was killed by signal: 15, core dumped: no
[UID:65534][307715] Child process with pid: 307721 was killed by signal: 15, core dumped: no
[UID:65534][307880] Child process with pid: 307906 was killed by signal: 15, core dumped: no
[UID:65534][308073] Child process with pid: 308079 was killed by signal: 15, core dumped: no
[UID:65534][309032] Child process with pid: 309041 was killed by signal: 15, core dumped: no
[UID:65534][309032] Child process with pid: 309042 was killed by signal: 15, core dumped: no
[UID:65534][310114] Reached max children process limit: 5, extra: 1, current: 6, busy: 3, please increase LSAPI_CHILDREN.
[UID:65534][310114] Reached max children process limit: 5, extra: 1, current: 6, busy: 6, please increase LSAPI_CHILDREN.
[UID:65534][310114] Reached max children process limit: 5, extra: 1, current: 6, busy: 6, please increase LSAPI_CHILDREN.
[UID:65534][310114] Reached max children process limit: 5, extra: 1, current: 6, busy: 6, please increase LSAPI_CHILDREN.
[UID:65534][310114] Reached max children process limit: 5, extra: 1, current: 6, busy: 6, please increase LSAPI_CHILDREN.
[UID:65534][310114] Reached max children process limit: 5, extra: 1, current: 6, busy: 6, please increase LSAPI_CHILDREN.
[UID:65534][310114] Reached max children process limit: 5, extra: 1, current: 6, busy: 6, please increase LSAPI_CHILDREN.
[UID:65534][310114] Reached max children process limit: 5, extra: 1, current: 6, busy: 6, please increase LSAPI_CHILDREN.
[UID:65534][310114] Reached max children process limit: 5, extra: 1, current: 6, busy: 6, please increase LSAPI_CHILDREN.
[UID:65534][310114] Reached max children process limit: 5, extra: 1, current: 6, busy: 6, please increase LSAPI_CHILDREN.
[UID:65534][310114] Reached max children process limit: 5, extra: 1, current: 6, busy: 6, please increase LSAPI_CHILDREN.
[UID:65534][310114] Reached max children process limit: 5, extra: 1, current: 6, busy: 6, please increase LSAPI_CHILDREN.
[UID:65534][310114] Reached max children process limit: 5, extra: 1, current: 6, busy: 6, please increase LSAPI_CHILDREN.
[UID:65534][310114] Reached max children process limit: 5, extra: 1, current: 6, busy: 6, please increase LSAPI_CHILDREN.
[UID:65534][310114] Reached max children process limit: 5, extra: 1, current: 6, busy: 6, please increase LSAPI_CHILDREN.
[UID:65534][310114] Reached max children process limit: 5, extra: 1, current: 6, busy: 6, please increase LSAPI_CHILDREN.
[UID:65534][310114] Reached max children process limit: 5, extra: 1, current: 6, busy: 6, please increase LSAPI_CHILDREN.
[UID:65534][310114] Reached max children process limit: 5, extra: 1, current: 6, busy: 6, please increase LSAPI_CHILDREN.
[UID:65534][310114] Reached max children process limit: 5, extra: 1, current: 6, busy: 6, please increase LSAPI_CHILDREN.
[UID:65534][310114] Reached max children process limit: 5, extra: 1, current: 6, busy: 6, please increase LSAPI_CHILDREN.
[UID:65534][310114] Reached max children process limit: 5, extra: 1, current: 6, busy: 6, please increase LSAPI_CHILDREN.
[UID:65534][310114] Reached max children process limit: 5, extra: 1, current: 6, busy: 6, please increase LSAPI_CHILDREN.
[UID:65534][310114] Reached max children process limit: 5, extra: 1, current: 6, busy: 6, please increase LSAPI_CHILDREN.
[UID:65534][310114] Reached max children process limit: 5, extra: 1, current: 6, busy: 6, please increase LSAPI_CHILDREN.
[UID:65534][310114] Reached max children process limit: 5, extra: 1, current: 6, busy: 6, please increase LSAPI_CHILDREN.
[UID:65534][310114] Reached max children process limit: 5, extra: 1, current: 6, busy: 6, please increase LSAPI_CHILDREN.
[UID:65534][310114] Reached max children process limit: 5, extra: 1, current: 6, busy: 6, please increase LSAPI_CHILDREN.
[UID:65534][310114] Reached max children process limit: 5, extra: 1, current: 6, busy: 6, please increase LSAPI_CHILDREN.
[UID:65534][310114] Reached max children process limit: 5, extra: 1, current: 6, busy: 6, please increase LSAPI_CHILDREN.
[UID:65534][310114] Reached max children process limit: 5, extra: 1, current: 6, busy: 6, please increase LSAPI_CHILDREN.
[UID:65534][310114] Reached max children process limit: 5, extra: 1, current: 6, busy: 6, please increase LSAPI_CHILDREN.
[UID:65534][310114] Reached max children process limit: 5, extra: 1, current: 6, busy: 6, please increase LSAPI_CHILDREN.
[UID:65534][310114] Reached max children process limit: 5, extra: 1, current: 6, busy: 6, please increase LSAPI_CHILDREN.
[UID:65534][310114] Reached max children process limit: 5, extra: 1, current: 6, busy: 6, please increase LSAPI_CHILDREN.
[UID:65534][310114] Reached max children process limit: 5, extra: 1, current: 6, busy: 6, please increase LSAPI_CHILDREN.
[UID:65534][310114] Reached max children process limit: 5, extra: 1, current: 6, busy: 6, please increase LSAPI_CHILDREN.
[UID:65534][310114] Reached max children process limit: 5, extra: 1, current: 6, busy: 6, please increase LSAPI_CHILDREN.
[UID:65534][310114] Reached max children process limit: 5, extra: 1, current: 6, busy: 6, please increase LSAPI_CHILDREN.
[UID:65534][310114] Reached max children process limit: 5, extra: 1, current: 6, busy: 5, please increase LSAPI_CHILDREN.
[UID:65534][310114] Reached max children process limit: 5, extra: 1, current: 6, busy: 5, please increase LSAPI_CHILDREN.
[UID:65534][310114] Reached max children process limit: 5, extra: 1, current: 6, busy: 5, please increase LSAPI_CHILDREN.
[UID:65534][310114] Reached max children process limit: 5, extra: 1, current: 6, busy: 5, please increase LSAPI_CHILDREN.
[UID:65534][310114] Reached max children process limit: 5, extra: 1, current: 6, busy: 6, please increase LSAPI_CHILDREN.
[UID:65534][310114] Reached max children process limit: 5, extra: 1, current: 6, busy: 6, please increase LSAPI_CHILDREN.
[UID:65534][310114] Reached max children process limit: 5, extra: 1, current: 6, busy: 6, please increase LSAPI_CHILDREN.
[UID:65534][310114] Reached max children process limit: 5, extra: 1, current: 6, busy: 6, please increase LSAPI_CHILDREN.
[UID:65534][310114] Reached max children process limit: 5, extra: 1, current: 6, busy: 6, please increase LSAPI_CHILDREN.
[UID:65534][310114] Reached max children process limit: 5, extra: 1, current: 6, busy: 6, please increase LSAPI_CHILDREN.
[UID:65534][310114] Reached max children process limit: 5, extra: 1, current: 6, busy: 6, please increase LSAPI_CHILDREN.
[UID:65534][310114] Reached max children process limit: 5, extra: 1, current: 6, busy: 6, please increase LSAPI_CHILDREN.
[UID:65534][310114] Reached max children process limit: 5, extra: 1, current: 6, busy: 6, please increase LSAPI_CHILDREN.
[UID:65534][310114] Reached max children process limit: 5, extra: 1, current: 6, busy: 5, please increase LSAPI_CHILDREN.
[UID:65534][310114] Reached max children process limit: 5, extra: 1, current: 6, busy: 6, please increase LSAPI_CHILDREN.
[UID:65534][310114] Reached max children process limit: 5, extra: 1, current: 6, busy: 6, please increase LSAPI_CHILDREN.
[UID:65534][310114] Reached max children process limit: 5, extra: 1, current: 6, busy: 6, please increase LSAPI_CHILDREN.
[UID:65534][310114] Reached max children process limit: 5, extra: 1, current: 6, busy: 6, please increase LSAPI_CHILDREN.
[UID:65534][310114] Reached max children process limit: 5, extra: 1, current: 6, busy: 6, please increase LSAPI_CHILDREN.
[UID:65534][310114] Reached max children process limit: 5, extra: 1, current: 6, busy: 6, please increase LSAPI_CHILDREN.
[UID:65534][310114] Reached max children process limit: 5, extra: 1, current: 6, busy: 6, please increase LSAPI_CHILDREN.
[UID:65534][310114] Reached max children process limit: 5, extra: 1, current: 6, busy: 6, please increase LSAPI_CHILDREN.
[UID:65534][310114] Reached max children process limit: 5, extra: 1, current: 6, busy: 6, please increase LSAPI_CHILDREN.
[UID:65534][310114] Reached max children process limit: 5, extra: 1, current: 6, busy: 6, please increase LSAPI_CHILDREN.
[UID:65534][316960] packetLen < 0
[UID:65534][371974] Reached max children process limit: 5, extra: 1, current: 6, busy: 5, please increase LSAPI_CHILDREN.
[UID:65534][371974] Reached max children process limit: 5, extra: 1, current: 6, busy: 6, please increase LSAPI_CHILDREN.
[UID:65534][371974] Reached max children process limit: 5, extra: 1, current: 6, busy: 6, please increase LSAPI_CHILDREN.
[UID:65534][371974] Reached max children process limit: 5, extra: 1, current: 6, busy: 6, please increase LSAPI_CHILDREN.
[UID:65534][371974] Reached max children process limit: 5, extra: 1, current: 6, busy: 6, please increase LSAPI_CHILDREN.
[UID:65534][371974] Reached max children process limit: 5, extra: 1, current: 6, busy: 6, please increase LSAPI_CHILDREN.
[UID:65534][371974] Reached max children process limit: 5, extra: 1, current: 6, busy: 6, please increase LSAPI_CHILDREN.
[UID:65534][371974] Reached max children process limit: 5, extra: 1, current: 6, busy: 6, please increase LSAPI_CHILDREN.
[UID:65534][371974] Reached max children process limit: 5, extra: 1, current: 6, busy: 6, please increase LSAPI_CHILDREN.
[UID:65534][371974] Reached max children process limit: 5, extra: 1, current: 6, busy: 6, please increase LSAPI_CHILDREN.
[UID:65534][371974] Reached max children process limit: 5, extra: 1, current: 6, busy: 6, please increase LSAPI_CHILDREN.
[UID:65534][371974] Reached max children process limit: 5, extra: 1, current: 6, busy: 6, please increase LSAPI_CHILDREN.
[UID:65534][371974] Reached max children process limit: 5, extra: 1, current: 6, busy: 6, please increase LSAPI_CHILDREN.
[UID:65534][371974] Reached max children process limit: 5, extra: 1, current: 6, busy: 6, please increase LSAPI_CHILDREN.
[UID:65534][371974] Reached max children process limit: 5, extra: 1, current: 6, busy: 6, please increase LSAPI_CHILDREN.
[UID:65534][371974] Reached max children process limit: 5, extra: 1, current: 6, busy: 6, please increase LSAPI_CHILDREN.
[UID:65534][371974] Reached max children process limit: 5, extra: 1, current: 6, busy: 6, please increase LSAPI_CHILDREN.
[UID:65534][371974] Reached max children process limit: 5, extra: 1, current: 6, busy: 6, please increase LSAPI_CHILDREN.
[UID:65534][371974] Reached max children process limit: 5, extra: 1, current: 6, busy: 6, please increase LSAPI_CHILDREN.
[UID:65534][371974] Reached max children process limit: 5, extra: 1, current: 6, busy: 6, please increase LSAPI_CHILDREN.
[UID:65534][371974] Reached max children process limit: 5, extra: 1, current: 6, busy: 6, please increase LSAPI_CHILDREN.
[UID:65534][371974] Reached max children process limit: 5, extra: 1, current: 6, busy: 6, please increase LSAPI_CHILDREN.
[UID:65534][371974] Reached max children process limit: 5, extra: 1, current: 6, busy: 6, please increase LSAPI_CHILDREN.
[UID:65534][371974] Reached max children process limit: 5, extra: 1, current: 6, busy: 6, please increase LSAPI_CHILDREN.
[UID:65534][371974] Reached max children process limit: 5, extra: 1, current: 6, busy: 6, please increase LSAPI_CHILDREN.
[UID:65534][371974] Reached max children process limit: 5, extra: 1, current: 6, busy: 6, please increase LSAPI_CHILDREN.
[UID:65534][371974] Reached max children process limit: 5, extra: 1, current: 6, busy: 6, please increase LSAPI_CHILDREN.
[UID:65534][371974] Reached max children process limit: 5, extra: 1, current: 6, busy: 6, please increase LSAPI_CHILDREN.
[UID:65534][371974] Reached max children process limit: 5, extra: 1, current: 6, busy: 6, please increase LSAPI_CHILDREN.
[UID:65534][371974] Reached max children process limit: 5, extra: 1, current: 6, busy: 6, please increase LSAPI_CHILDREN.
[UID:65534][371974] Reached max children process limit: 5, extra: 1, current: 6, busy: 6, please increase LSAPI_CHILDREN.
[UID:65534][371974] Reached max children process limit: 5, extra: 1, current: 6, busy: 6, please increase LSAPI_CHILDREN.
[UID:65534][371974] Reached max children process limit: 5, extra: 1, current: 6, busy: 6, please increase LSAPI_CHILDREN.
[UID:65534][371974] Reached max children process limit: 5, extra: 1, current: 6, busy: 6, please increase LSAPI_CHILDREN.
[UID:65534][371974] Reached max children process limit: 5, extra: 1, current: 6, busy: 6, please increase LSAPI_CHILDREN.
[UID:65534][371974] Reached max children process limit: 5, extra: 1, current: 6, busy: 6, please increase LSAPI_CHILDREN.
[UID:65534][371974] Reached max children process limit: 5, extra: 1, current: 6, busy: 6, please increase LSAPI_CHILDREN.
[UID:65534][371974] Reached max children process limit: 5, extra: 1, current: 6, busy: 6, please increase LSAPI_CHILDREN.
[UID:65534][371974] Reached max children process limit: 5, extra: 1, current: 6, busy: 6, please increase LSAPI_CHILDREN.
[UID:65534][371974] Reached max children process limit: 5, extra: 1, current: 6, busy: 5, please increase LSAPI_CHILDREN.
[UID:65534][371974] Reached max children process limit: 5, extra: 1, current: 6, busy: 5, please increase LSAPI_CHILDREN.
[UID:65534][393281] Reached max children process limit: 5, extra: 1, current: 6, busy: 6, please increase LSAPI_CHILDREN.
[UID:65534][393281] Reached max children process limit: 5, extra: 1, current: 6, busy: 6, please increase LSAPI_CHILDREN.
[UID:65534][393281] Reached max children process limit: 5, extra: 1, current: 6, busy: 6, please increase LSAPI_CHILDREN.
[UID:65534][393281] Reached max children process limit: 5, extra: 1, current: 6, busy: 6, please increase LSAPI_CHILDREN.
[UID:65534][393281] Reached max children process limit: 5, extra: 1, current: 6, busy: 6, please increase LSAPI_CHILDREN.
[UID:65534][393281] Reached max children process limit: 5, extra: 1, current: 6, busy: 6, please increase LSAPI_CHILDREN.
[UID:65534][393281] Reached max children process limit: 5, extra: 1, current: 6, busy: 6, please increase LSAPI_CHILDREN.
[UID:65534][393281] Reached max children process limit: 5, extra: 1, current: 6, busy: 6, please increase LSAPI_CHILDREN.
[UID:65534][393281] Reached max children process limit: 5, extra: 1, current: 6, busy: 6, please increase LSAPI_CHILDREN.
[UID:65534][393281] Reached max children process limit: 5, extra: 1, current: 6, busy: 6, please increase LSAPI_CHILDREN.
[UID:65534][393281] Reached max children process limit: 5, extra: 1, current: 6, busy: 6, please increase LSAPI_CHILDREN.
[UID:65534][393281] Reached max children process limit: 5, extra: 1, current: 6, busy: 6, please increase LSAPI_CHILDREN.
[UID:65534][393281] Reached max children process limit: 5, extra: 1, current: 6, busy: 6, please increase LSAPI_CHILDREN.
[UID:65534][393281] Reached max children process limit: 5, extra: 1, current: 6, busy: 6, please increase LSAPI_CHILDREN.
[UID:65534][393281] Reached max children process limit: 5, extra: 1, current: 6, busy: 6, please increase LSAPI_CHILDREN.
[UID:65534][393281] Reached max children process limit: 5, extra: 1, current: 6, busy: 6, please increase LSAPI_CHILDREN.
[UID:65534][393281] Reached max children process limit: 5, extra: 1, current: 6, busy: 6, please increase LSAPI_CHILDREN.
[UID:65534][393281] Reached max children process limit: 5, extra: 1, current: 6, busy: 6, please increase LSAPI_CHILDREN.
[UID:65534][393281] Reached max children process limit: 5, extra: 1, current: 6, busy: 6, please increase LSAPI_CHILDREN.
[UID:65534][393281] Reached max children process limit: 5, extra: 1, current: 6, busy: 6, please increase LSAPI_CHILDREN.
[UID:65534][393281] Reached max children process limit: 5, extra: 1, current: 6, busy: 6, please increase LSAPI_CHILDREN.
[UID:65534][393281] Reached max children process limit: 5, extra: 1, current: 6, busy: 6, please increase LSAPI_CHILDREN.
[UID:65534][393281] Reached max children process limit: 5, extra: 1, current: 6, busy: 6, please increase LSAPI_CHILDREN.
[UID:65534][393281] Reached max children process limit: 5, extra: 1, current: 6, busy: 6, please increase LSAPI_CHILDREN.
[UID:65534][393281] Reached max children process limit: 5, extra: 1, current: 6, busy: 6, please increase LSAPI_CHILDREN.
[UID:65534][393281] Reached max children process limit: 5, extra: 1, current: 6, busy: 6, please increase LSAPI_CHILDREN.
[UID:65534][393281] Reached max children process limit: 5, extra: 1, current: 6, busy: 6, please increase LSAPI_CHILDREN.
[UID:65534][393281] Reached max children process limit: 5, extra: 1, current: 6, busy: 5, please increase LSAPI_CHILDREN.
[UID:65534][393281] Reached max children process limit: 5, extra: 1, current: 6, busy: 5, please increase LSAPI_CHILDREN.
[UID:65534][393281] Reached max children process limit: 5, extra: 1, current: 6, busy: 6, please increase LSAPI_CHILDREN.
[UID:65534][393281] Reached max children process limit: 5, extra: 1, current: 6, busy: 6, please increase LSAPI_CHILDREN.
[UID:65534][393281] Reached max children process limit: 5, extra: 1, current: 6, busy: 6, please increase LSAPI_CHILDREN.
[UID:65534][393281] Reached max children process limit: 5, extra: 1, current: 6, busy: 6, please increase LSAPI_CHILDREN.
[UID:65534][406478] Reached max children process limit: 5, extra: 1, current: 6, busy: 6, please increase LSAPI_CHILDREN.
[UID:65534][406478] Reached max children process limit: 5, extra: 1, current: 6, busy: 6, please increase LSAPI_CHILDREN.
[UID:65534][406478] Reached max children process limit: 5, extra: 1, current: 6, busy: 6, please increase LSAPI_CHILDREN.
[UID:65534][406478] Reached max children process limit: 5, extra: 1, current: 6, busy: 6, please increase LSAPI_CHILDREN.
[UID:65534][406478] Reached max children process limit: 5, extra: 1, current: 6, busy: 6, please increase LSAPI_CHILDREN.
[UID:65534][406478] Reached max children process limit: 5, extra: 1, current: 6, busy: 6, please increase LSAPI_CHILDREN.
[UID:65534][406478] Reached max children process limit: 5, extra: 1, current: 6, busy: 6, please increase LSAPI_CHILDREN.
[UID:65534][406478] Reached max children process limit: 5, extra: 1, current: 6, busy: 6, please increase LSAPI_CHILDREN.
[UID:65534][406478] Reached max children process limit: 5, extra: 1, current: 6, busy: 6, please increase LSAPI_CHILDREN.
[UID:65534][406478] Reached max children process limit: 5, extra: 1, current: 6, busy: 6, please increase LSAPI_CHILDREN.
[UID:65534][406478] Reached max children process limit: 5, extra: 1, current: 6, busy: 6, please increase LSAPI_CHILDREN.
[UID:65534][406478] Reached max children process limit: 5, extra: 1, current: 6, busy: 6, please increase LSAPI_CHILDREN.
[UID:65534][406478] Reached max children process limit: 5, extra: 1, current: 6, busy: 6, please increase LSAPI_CHILDREN.
[UID:65534][406478] Reached max children process limit: 5, extra: 1, current: 6, busy: 6, please increase LSAPI_CHILDREN.
[UID:65534][406478] Reached max children process limit: 5, extra: 1, current: 6, busy: 6, please increase LSAPI_CHILDREN.
[UID:65534][406478] Reached max children process limit: 5, extra: 1, current: 6, busy: 6, please increase LSAPI_CHILDREN.
[UID:65534][406478] Reached max children process limit: 5, extra: 1, current: 6, busy: 6, please increase LSAPI_CHILDREN.
[UID:65534][406478] Reached max children process limit: 5, extra: 1, current: 6, busy: 6, please increase LSAPI_CHILDREN.
[UID:65534][406478] Reached max children process limit: 5, extra: 1, current: 6, busy: 6, please increase LSAPI_CHILDREN.
[UID:65534][406478] Reached max children process limit: 5, extra: 1, current: 6, busy: 6, please increase LSAPI_CHILDREN.
[UID:65534][406478] Reached max children process limit: 5, extra: 1, current: 6, busy: 6, please increase LSAPI_CHILDREN.
[UID:65534][406478] Reached max children process limit: 5, extra: 1, current: 6, busy: 6, please increase LSAPI_CHILDREN.
[UID:65534][406478] Reached max children process limit: 5, extra: 1, current: 6, busy: 6, please increase LSAPI_CHILDREN.
[UID:65534][406478] Reached max children process limit: 5, extra: 1, current: 6, busy: 6, please increase LSAPI_CHILDREN.
[UID:65534][406478] Reached max children process limit: 5, extra: 1, current: 6, busy: 6, please increase LSAPI_CHILDREN.
[UID:65534][406478] Reached max children process limit: 5, extra: 1, current: 6, busy: 5, please increase LSAPI_CHILDREN.
[UID:65534][406478] Reached max children process limit: 5, extra: 1, current: 6, busy: 5, please increase LSAPI_CHILDREN.
[UID:65534][406478] Reached max children process limit: 5, extra: 1, current: 6, busy: 6, please increase LSAPI_CHILDREN.
[UID:65534][406478] Reached max children process limit: 5, extra: 1, current: 6, busy: 6, please increase LSAPI_CHILDREN.
[UID:65534][406478] Reached max children process limit: 5, extra: 1, current: 6, busy: 6, please increase LSAPI_CHILDREN.
[UID:65534][406478] Reached max children process limit: 5, extra: 1, current: 6, busy: 6, please increase LSAPI_CHILDREN.
[UID:65534][498047] Reached max children process limit: 5, extra: 1, current: 6, busy: 5, please increase LSAPI_CHILDREN.
[UID:65534][498047] Reached max children process limit: 5, extra: 1, current: 6, busy: 6, please increase LSAPI_CHILDREN.
[UID:65534][498047] Reached max children process limit: 5, extra: 1, current: 6, busy: 6, please increase LSAPI_CHILDREN.
[UID:65534][498047] Reached max children process limit: 5, extra: 1, current: 6, busy: 6, please increase LSAPI_CHILDREN.
[UID:65534][498047] Reached max children process limit: 5, extra: 1, current: 6, busy: 6, please increase LSAPI_CHILDREN.
[UID:65534][498047] Reached max children process limit: 5, extra: 1, current: 6, busy: 6, please increase LSAPI_CHILDREN.
[UID:65534][498047] Reached max children process limit: 5, extra: 1, current: 6, busy: 6, please increase LSAPI_CHILDREN.
[UID:65534][498047] Reached max children process limit: 5, extra: 1, current: 6, busy: 6, please increase LSAPI_CHILDREN.
[UID:65534][498047] Reached max children process limit: 5, extra: 1, current: 6, busy: 6, please increase LSAPI_CHILDREN.
[UID:65534][498047] Reached max children process limit: 5, extra: 1, current: 6, busy: 6, please increase LSAPI_CHILDREN.
[UID:65534][498047] Reached max children process limit: 5, extra: 1, current: 6, busy: 6, please increase LSAPI_CHILDREN.
[UID:65534][498047] Reached max children process limit: 5, extra: 1, current: 6, busy: 6, please increase LSAPI_CHILDREN.
[UID:65534][498047] Reached max children process limit: 5, extra: 1, current: 6, busy: 6, please increase LSAPI_CHILDREN.
[UID:65534][498047] Reached max children process limit: 5, extra: 1, current: 6, busy: 6, please increase LSAPI_CHILDREN.
[UID:65534][498047] Reached max children process limit: 5, extra: 1, current: 6, busy: 6, please increase LSAPI_CHILDREN.
[UID:65534][498047] Reached max children process limit: 5, extra: 1, current: 6, busy: 6, please increase LSAPI_CHILDREN.
[UID:65534][498047] Reached max children process limit: 5, extra: 1, current: 6, busy: 6, please increase LSAPI_CHILDREN.
[UID:65534][498047] Reached max children process limit: 5, extra: 1, current: 6, busy: 6, please increase LSAPI_CHILDREN.
[UID:65534][498047] Reached max children process limit: 5, extra: 1, current: 6, busy: 6, please increase LSAPI_CHILDREN.
[UID:65534][498047] Reached max children process limit: 5, extra: 1, current: 6, busy: 6, please increase LSAPI_CHILDREN.
[UID:65534][498047] Reached max children process limit: 5, extra: 1, current: 6, busy: 6, please increase LSAPI_CHILDREN.
[UID:65534][498047] Reached max children process limit: 5, extra: 1, current: 6, busy: 6, please increase LSAPI_CHILDREN.
[UID:65534][498047] Reached max children process limit: 5, extra: 1, current: 6, busy: 5, please increase LSAPI_CHILDREN.
[UID:65534][498047] Reached max children process limit: 5, extra: 1, current: 6, busy: 6, please increase LSAPI_CHILDREN.
[UID:65534][498047] Reached max children process limit: 5, extra: 1, current: 6, busy: 6, please increase LSAPI_CHILDREN.
[UID:65534][498047] Reached max children process limit: 5, extra: 1, current: 6, busy: 6, please increase LSAPI_CHILDREN.
[UID:65534][498047] Reached max children process limit: 5, extra: 1, current: 6, busy: 6, please increase LSAPI_CHILDREN.
[UID:65534][498047] Reached max children process limit: 5, extra: 1, current: 6, busy: 6, please increase LSAPI_CHILDREN.
[UID:65534][498047] Reached max children process limit: 5, extra: 1, current: 6, busy: 6, please increase LSAPI_CHILDREN.
[UID:65534][498047] Reached max children process limit: 5, extra: 1, current: 6, busy: 6, please increase LSAPI_CHILDREN.
[UID:65534][498047] Reached max children process limit: 5, extra: 1, current: 6, busy: 5, please increase LSAPI_CHILDREN.
[UID:65534][498047] Reached max children process limit: 5, extra: 1, current: 6, busy: 5, please increase LSAPI_CHILDREN.
[UID:65534][599877] Reached max children process limit: 5, extra: 1, current: 6, busy: 5, please increase LSAPI_CHILDREN.
[UID:65534][599877] Reached max children process limit: 5, extra: 1, current: 6, busy: 6, please increase LSAPI_CHILDREN.
[UID:65534][599877] Reached max children process limit: 5, extra: 1, current: 6, busy: 6, please increase LSAPI_CHILDREN.
[UID:65534][599877] Reached max children process limit: 5, extra: 1, current: 6, busy: 6, please increase LSAPI_CHILDREN.
[UID:65534][599877] Reached max children process limit: 5, extra: 1, current: 6, busy: 6, please increase LSAPI_CHILDREN.
[UID:65534][599877] Reached max children process limit: 5, extra: 1, current: 6, busy: 6, please increase LSAPI_CHILDREN.
[UID:65534][599877] Reached max children process limit: 5, extra: 1, current: 6, busy: 6, please increase LSAPI_CHILDREN.
[UID:65534][599877] Reached max children process limit: 5, extra: 1, current: 6, busy: 6, please increase LSAPI_CHILDREN.
[UID:65534][599877] Reached max children process limit: 5, extra: 1, current: 6, busy: 6, please increase LSAPI_CHILDREN.
[UID:65534][599877] Reached max children process limit: 5, extra: 1, current: 6, busy: 6, please increase LSAPI_CHILDREN.
[UID:65534][599877] Reached max children process limit: 5, extra: 1, current: 6, busy: 6, please increase LSAPI_CHILDREN.
[UID:65534][599877] Reached max children process limit: 5, extra: 1, current: 6, busy: 6, please increase LSAPI_CHILDREN.
[UID:65534][599877] Reached max children process limit: 5, extra: 1, current: 6, busy: 6, please increase LSAPI_CHILDREN.
[UID:65534][599877] Reached max children process limit: 5, extra: 1, current: 6, busy: 6, please increase LSAPI_CHILDREN.
[UID:65534][599877] Reached max children process limit: 5, extra: 1, current: 6, busy: 6, please increase LSAPI_CHILDREN.
[UID:65534][599877] Reached max children process limit: 5, extra: 1, current: 6, busy: 6, please increase LSAPI_CHILDREN.
[UID:65534][599877] Reached max children process limit: 5, extra: 1, current: 6, busy: 6, please increase LSAPI_CHILDREN.
[UID:65534][599877] Reached max children process limit: 5, extra: 1, current: 6, busy: 6, please increase LSAPI_CHILDREN.
[UID:65534][599877] Reached max children process limit: 5, extra: 1, current: 6, busy: 6, please increase LSAPI_CHILDREN.
[UID:65534][599877] Reached max children process limit: 5, extra: 1, current: 6, busy: 6, please increase LSAPI_CHILDREN.
[UID:65534][599877] Reached max children process limit: 5, extra: 1, current: 6, busy: 6, please increase LSAPI_CHILDREN.
[UID:65534][599877] Reached max children process limit: 5, extra: 1, current: 6, busy: 6, please increase LSAPI_CHILDREN.
[UID:65534][599877] Reached max children process limit: 5, extra: 1, current: 6, busy: 6, please increase LSAPI_CHILDREN.
[UID:65534][599877] Reached max children process limit: 5, extra: 1, current: 6, busy: 6, please increase LSAPI_CHILDREN.
[UID:65534][599877] Reached max children process limit: 5, extra: 1, current: 6, busy: 6, please increase LSAPI_CHILDREN.
[UID:65534][599877] Reached max children process limit: 5, extra: 1, current: 6, busy: 6, please increase LSAPI_CHILDREN.
[UID:65534][599877] Reached max children process limit: 5, extra: 1, current: 6, busy: 6, please increase LSAPI_CHILDREN.
[UID:65534][599877] Reached max children process limit: 5, extra: 1, current: 6, busy: 5, please increase LSAPI_CHILDREN.
[UID:65534][599877] Reached max children process limit: 5, extra: 1, current: 6, busy: 6, please increase LSAPI_CHILDREN.
[UID:65534][599877] Reached max children process limit: 5, extra: 1, current: 6, busy: 5, please increase LSAPI_CHILDREN.
[UID:65534][599877] Reached max children process limit: 5, extra: 1, current: 6, busy: 6, please increase LSAPI_CHILDREN.
[UID:65534][599877] Reached max children process limit: 5, extra: 1, current: 6, busy: 6, please increase LSAPI_CHILDREN.
[UID:65534][599877] Reached max children process limit: 5, extra: 1, current: 6, busy: 6, please increase LSAPI_CHILDREN.
[UID:65534][599877] Reached max children process limit: 5, extra: 1, current: 6, busy: 6, please increase LSAPI_CHILDREN.
[UID:65534][599877] Reached max children process limit: 5, extra: 1, current: 6, busy: 6, please increase LSAPI_CHILDREN.
[UID:65534][599877] Reached max children process limit: 5, extra: 1, current: 6, busy: 6, please increase LSAPI_CHILDREN.
[UID:65534][599877] Reached max children process limit: 5, extra: 1, current: 6, busy: 6, please increase LSAPI_CHILDREN.
[UID:65534][599877] Reached max children process limit: 5, extra: 1, current: 6, busy: 6, please increase LSAPI_CHILDREN.
[UID:65534][599877] Reached max children process limit: 5, extra: 1, current: 6, busy: 6, please increase LSAPI_CHILDREN.
[UID:65534][599877] Reached max children process limit: 5, extra: 1, current: 6, busy: 6, please increase LSAPI_CHILDREN.
[UID:65534][599877] Reached max children process limit: 5, extra: 1, current: 6, busy: 6, please increase LSAPI_CHILDREN.
[UID:65534][599877] Reached max children process limit: 5, extra: 1, current: 6, busy: 6, please increase LSAPI_CHILDREN.
[UID:65534][599877] Reached max children process limit: 5, extra: 1, current: 6, busy: 6, please increase LSAPI_CHILDREN.
[UID:65534][599877] Reached max children process limit: 5, extra: 1, current: 6, busy: 6, please increase LSAPI_CHILDREN.
[UID:65534][599877] Reached max children process limit: 5, extra: 1, current: 6, busy: 6, please increase LSAPI_CHILDREN.
[UID:65534][599877] Reached max children process limit: 5, extra: 1, current: 6, busy: 6, please increase LSAPI_CHILDREN.
[UID:65534][599877] Reached max children process limit: 5, extra: 1, current: 6, busy: 6, please increase LSAPI_CHILDREN.
[UID:65534][599877] Reached max children process limit: 5, extra: 1, current: 6, busy: 6, please increase LSAPI_CHILDREN.
[UID:65534][599877] Reached max children process limit: 5, extra: 1, current: 6, busy: 6, please increase LSAPI_CHILDREN.
[UID:65534][599877] Reached max children process limit: 5, extra: 1, current: 6, busy: 6, please increase LSAPI_CHILDREN.
[UID:65534][599877] Reached max children process limit: 5, extra: 1, current: 6, busy: 6, please increase LSAPI_CHILDREN.
[UID:65534][599877] Reached max children process limit: 5, extra: 1, current: 6, busy: 6, please increase LSAPI_CHILDREN.
[UID:65534][599877] Reached max children process limit: 5, extra: 1, current: 6, busy: 6, please increase LSAPI_CHILDREN.
[UID:65534][599877] Reached max children process limit: 5, extra: 1, current: 6, busy: 6, please increase LSAPI_CHILDREN.
[UID:65534][599877] Reached max children process limit: 5, extra: 1, current: 6, busy: 5, please increase LSAPI_CHILDREN.
[UID:65534][599877] Reached max children process limit: 5, extra: 1, current: 6, busy: 6, please increase LSAPI_CHILDREN.
[UID:65534][599877] Reached max children process limit: 5, extra: 1, current: 6, busy: 5, please increase LSAPI_CHILDREN.
[UID:65534][599877] Reached max children process limit: 5, extra: 1, current: 6, busy: 6, please increase LSAPI_CHILDREN.
[UID:65534][643003] packetLen < 0
[UID:65534][667671] Reached max children process limit: 5, extra: 1, current: 6, busy: 4, please increase LSAPI_CHILDREN.
[UID:65534][667671] Reached max children process limit: 5, extra: 1, current: 6, busy: 6, please increase LSAPI_CHILDREN.
[UID:65534][667671] Reached max children process limit: 5, extra: 1, current: 6, busy: 6, please increase LSAPI_CHILDREN.
[UID:65534][667671] Reached max children process limit: 5, extra: 1, current: 6, busy: 6, please increase LSAPI_CHILDREN.
[UID:65534][667671] Reached max children process limit: 5, extra: 1, current: 6, busy: 6, please increase LSAPI_CHILDREN.
[UID:65534][667671] Reached max children process limit: 5, extra: 1, current: 6, busy: 6, please increase LSAPI_CHILDREN.
[UID:65534][667671] Reached max children process limit: 5, extra: 1, current: 6, busy: 6, please increase LSAPI_CHILDREN.
[UID:65534][667671] Reached max children process limit: 5, extra: 1, current: 6, busy: 6, please increase LSAPI_CHILDREN.
[UID:65534][667671] Reached max children process limit: 5, extra: 1, current: 6, busy: 6, please increase LSAPI_CHILDREN.
[UID:65534][667671] Reached max children process limit: 5, extra: 1, current: 6, busy: 6, please increase LSAPI_CHILDREN.
[UID:65534][667671] Reached max children process limit: 5, extra: 1, current: 6, busy: 6, please increase LSAPI_CHILDREN.
[UID:65534][667671] Reached max children process limit: 5, extra: 1, current: 6, busy: 6, please increase LSAPI_CHILDREN.
[UID:65534][667671] Reached max children process limit: 5, extra: 1, current: 6, busy: 6, please increase LSAPI_CHILDREN.
[UID:65534][667671] Reached max children process limit: 5, extra: 1, current: 6, busy: 6, please increase LSAPI_CHILDREN.
[UID:65534][667671] Reached max children process limit: 5, extra: 1, current: 6, busy: 6, please increase LSAPI_CHILDREN.
[UID:65534][667671] Reached max children process limit: 5, extra: 1, current: 6, busy: 6, please increase LSAPI_CHILDREN.
[UID:65534][667671] Reached max children process limit: 5, extra: 1, current: 6, busy: 6, please increase LSAPI_CHILDREN.
[UID:65534][667671] Reached max children process limit: 5, extra: 1, current: 6, busy: 6, please increase LSAPI_CHILDREN.
[UID:65534][667671] Reached max children process limit: 5, extra: 1, current: 6, busy: 6, please increase LSAPI_CHILDREN.
[UID:65534][667671] Reached max children process limit: 5, extra: 1, current: 6, busy: 6, please increase LSAPI_CHILDREN.
[UID:65534][667671] Reached max children process limit: 5, extra: 1, current: 6, busy: 6, please increase LSAPI_CHILDREN.
[UID:65534][667671] Reached max children process limit: 5, extra: 1, current: 6, busy: 6, please increase LSAPI_CHILDREN.
[UID:65534][667671] Reached max children process limit: 5, extra: 1, current: 6, busy: 6, please increase LSAPI_CHILDREN.
[UID:65534][667671] Reached max children process limit: 5, extra: 1, current: 6, busy: 6, please increase LSAPI_CHILDREN.
[UID:65534][667671] Reached max children process limit: 5, extra: 1, current: 6, busy: 6, please increase LSAPI_CHILDREN.
[UID:65534][667671] Reached max children process limit: 5, extra: 1, current: 6, busy: 6, please increase LSAPI_CHILDREN.
[UID:65534][667671] Reached max children process limit: 5, extra: 1, current: 6, busy: 6, please increase LSAPI_CHILDREN.
[UID:65534][667671] Reached max children process limit: 5, extra: 1, current: 6, busy: 6, please increase LSAPI_CHILDREN.
[UID:65534][667671] Reached max children process limit: 5, extra: 1, current: 6, busy: 6, please increase LSAPI_CHILDREN.
[UID:65534][667671] Reached max children process limit: 5, extra: 1, current: 6, busy: 6, please increase LSAPI_CHILDREN.
[UID:65534][667671] Reached max children process limit: 5, extra: 1, current: 6, busy: 6, please increase LSAPI_CHILDREN.
[UID:65534][667671] Reached max children process limit: 5, extra: 1, current: 6, busy: 6, please increase LSAPI_CHILDREN.
[UID:65534][667671] Reached max children process limit: 5, extra: 1, current: 6, busy: 5, please increase LSAPI_CHILDREN.
[UID:65534][667671] Reached max children process limit: 5, extra: 1, current: 6, busy: 6, please increase LSAPI_CHILDREN.
[UID:65534][667671] Reached max children process limit: 5, extra: 1, current: 6, busy: 6, please increase LSAPI_CHILDREN.
[UID:65534][675523] Reached max children process limit: 5, extra: 1, current: 6, busy: 3, please increase LSAPI_CHILDREN.
[UID:65534][675523] Reached max children process limit: 5, extra: 1, current: 6, busy: 6, please increase LSAPI_CHILDREN.
[UID:65534][675523] Reached max children process limit: 5, extra: 1, current: 6, busy: 6, please increase LSAPI_CHILDREN.
[UID:65534][675523] Reached max children process limit: 5, extra: 1, current: 6, busy: 6, please increase LSAPI_CHILDREN.
[UID:65534][675523] Reached max children process limit: 5, extra: 1, current: 6, busy: 6, please increase LSAPI_CHILDREN.
[UID:65534][675523] Reached max children process limit: 5, extra: 1, current: 6, busy: 6, please increase LSAPI_CHILDREN.
[UID:65534][675523] Reached max children process limit: 5, extra: 1, current: 6, busy: 6, please increase LSAPI_CHILDREN.
[UID:65534][675523] Reached max children process limit: 5, extra: 1, current: 6, busy: 6, please increase LSAPI_CHILDREN.
[UID:65534][675523] Reached max children process limit: 5, extra: 1, current: 6, busy: 6, please increase LSAPI_CHILDREN.
[UID:65534][675523] Reached max children process limit: 5, extra: 1, current: 6, busy: 6, please increase LSAPI_CHILDREN.
[UID:65534][675523] Reached max children process limit: 5, extra: 1, current: 6, busy: 6, please increase LSAPI_CHILDREN.
[UID:65534][675523] Reached max children process limit: 5, extra: 1, current: 6, busy: 6, please increase LSAPI_CHILDREN.
[UID:65534][675523] Reached max children process limit: 5, extra: 1, current: 6, busy: 6, please increase LSAPI_CHILDREN.
[UID:65534][675523] Reached max children process limit: 5, extra: 1, current: 6, busy: 6, please increase LSAPI_CHILDREN.
[UID:65534][675523] Reached max children process limit: 5, extra: 1, current: 6, busy: 6, please increase LSAPI_CHILDREN.
[UID:65534][675523] Reached max children process limit: 5, extra: 1, current: 6, busy: 6, please increase LSAPI_CHILDREN.
[UID:65534][675523] Reached max children process limit: 5, extra: 1, current: 6, busy: 6, please increase LSAPI_CHILDREN.
[UID:65534][675523] Reached max children process limit: 5, extra: 1, current: 6, busy: 6, please increase LSAPI_CHILDREN.
[UID:65534][675523] Reached max children process limit: 5, extra: 1, current: 6, busy: 6, please increase LSAPI_CHILDREN.
[UID:65534][675523] Reached max children process limit: 5, extra: 1, current: 6, busy: 6, please increase LSAPI_CHILDREN.
[UID:65534][675523] Reached max children process limit: 5, extra: 1, current: 6, busy: 6, please increase LSAPI_CHILDREN.
[UID:65534][675523] Reached max children process limit: 5, extra: 1, current: 6, busy: 6, please increase LSAPI_CHILDREN.
[UID:65534][675523] Reached max children process limit: 5, extra: 1, current: 6, busy: 6, please increase LSAPI_CHILDREN.
[UID:65534][675523] Reached max children process limit: 5, extra: 1, current: 6, busy: 6, please increase LSAPI_CHILDREN.
[UID:65534][675523] Reached max children process limit: 5, extra: 1, current: 6, busy: 6, please increase LSAPI_CHILDREN.
[UID:65534][675523] Reached max children process limit: 5, extra: 1, current: 6, busy: 6, please increase LSAPI_CHILDREN.
[UID:65534][675523] Reached max children process limit: 5, extra: 1, current: 6, busy: 6, please increase LSAPI_CHILDREN.
[UID:65534][675523] Reached max children process limit: 5, extra: 1, current: 6, busy: 6, please increase LSAPI_CHILDREN.
[UID:65534][675523] Reached max children process limit: 5, extra: 1, current: 6, busy: 6, please increase LSAPI_CHILDREN.
[UID:65534][675523] Reached max children process limit: 5, extra: 1, current: 6, busy: 6, please increase LSAPI_CHILDREN.
[UID:65534][675523] Reached max children process limit: 5, extra: 1, current: 6, busy: 6, please increase LSAPI_CHILDREN.
[UID:65534][675523] Reached max children process limit: 5, extra: 1, current: 6, busy: 6, please increase LSAPI_CHILDREN.
[UID:65534][675523] Reached max children process limit: 5, extra: 1, current: 6, busy: 6, please increase LSAPI_CHILDREN.
[UID:65534][675523] Reached max children process limit: 5, extra: 1, current: 6, busy: 6, please increase LSAPI_CHILDREN.
[UID:65534][675523] Reached max children process limit: 5, extra: 1, current: 6, busy: 6, please increase LSAPI_CHILDREN.
[UID:65534][675523] Reached max children process limit: 5, extra: 1, current: 6, busy: 6, please increase LSAPI_CHILDREN.
[UID:65534][675523] Reached max children process limit: 5, extra: 1, current: 6, busy: 6, please increase LSAPI_CHILDREN.
[UID:65534][675523] Reached max children process limit: 5, extra: 1, current: 6, busy: 6, please increase LSAPI_CHILDREN.
[UID:65534][675523] Reached max children process limit: 5, extra: 1, current: 6, busy: 6, please increase LSAPI_CHILDREN.
[UID:65534][675523] Reached max children process limit: 5, extra: 1, current: 6, busy: 6, please increase LSAPI_CHILDREN.
[UID:65534][675523] Reached max children process limit: 5, extra: 1, current: 6, busy: 6, please increase LSAPI_CHILDREN.
[UID:65534][675523] Reached max children process limit: 5, extra: 1, current: 6, busy: 6, please increase LSAPI_CHILDREN.
[UID:65534][675523] Reached max children process limit: 5, extra: 1, current: 6, busy: 5, please increase LSAPI_CHILDREN.
[UID:65534][675523] Reached max children process limit: 5, extra: 1, current: 6, busy: 5, please increase LSAPI_CHILDREN.
[UID:65534][2341] Reached max children process limit: 5, extra: 1, current: 6, busy: 3, please increase LSAPI_CHILDREN.
[UID:65534][2341] Reached max children process limit: 5, extra: 1, current: 6, busy: 6, please increase LSAPI_CHILDREN.
[UID:65534][2341] Reached max children process limit: 5, extra: 1, current: 6, busy: 6, please increase LSAPI_CHILDREN.
[UID:65534][2341] Reached max children process limit: 5, extra: 1, current: 6, busy: 6, please increase LSAPI_CHILDREN.
[UID:65534][2341] Reached max children process limit: 5, extra: 1, current: 6, busy: 6, please increase LSAPI_CHILDREN.
[UID:65534][2341] Reached max children process limit: 5, extra: 1, current: 6, busy: 6, please increase LSAPI_CHILDREN.
[UID:65534][2341] Reached max children process limit: 5, extra: 1, current: 6, busy: 6, please increase LSAPI_CHILDREN.
[UID:65534][2341] Reached max children process limit: 5, extra: 1, current: 6, busy: 6, please increase LSAPI_CHILDREN.
[UID:65534][2341] Reached max children process limit: 5, extra: 1, current: 6, busy: 6, please increase LSAPI_CHILDREN.
[UID:65534][2341] Reached max children process limit: 5, extra: 1, current: 6, busy: 6, please increase LSAPI_CHILDREN.
[UID:65534][2341] Reached max children process limit: 5, extra: 1, current: 6, busy: 6, please increase LSAPI_CHILDREN.
[UID:65534][2341] Reached max children process limit: 5, extra: 1, current: 6, busy: 6, please increase LSAPI_CHILDREN.
[UID:65534][2341] Reached max children process limit: 5, extra: 1, current: 6, busy: 6, please increase LSAPI_CHILDREN.
[UID:65534][2341] Reached max children process limit: 5, extra: 1, current: 6, busy: 6, please increase LSAPI_CHILDREN.
[UID:65534][2341] Reached max children process limit: 5, extra: 1, current: 6, busy: 6, please increase LSAPI_CHILDREN.
[UID:65534][2341] Reached max children process limit: 5, extra: 1, current: 6, busy: 6, please increase LSAPI_CHILDREN.
[UID:65534][2341] Reached max children process limit: 5, extra: 1, current: 6, busy: 6, please increase LSAPI_CHILDREN.
[UID:65534][2341] Reached max children process limit: 5, extra: 1, current: 6, busy: 6, please increase LSAPI_CHILDREN.
[UID:65534][2341] Reached max children process limit: 5, extra: 1, current: 6, busy: 6, please increase LSAPI_CHILDREN.
[UID:65534][2341] Reached max children process limit: 5, extra: 1, current: 6, busy: 6, please increase LSAPI_CHILDREN.
[UID:65534][2341] Reached max children process limit: 5, extra: 1, current: 6, busy: 6, please increase LSAPI_CHILDREN.
[UID:65534][2341] Reached max children process limit: 5, extra: 1, current: 6, busy: 6, please increase LSAPI_CHILDREN.
[UID:65534][2341] Reached max children process limit: 5, extra: 1, current: 6, busy: 6, please increase LSAPI_CHILDREN.
[UID:65534][2341] Reached max children process limit: 5, extra: 1, current: 6, busy: 6, please increase LSAPI_CHILDREN.
[UID:65534][2341] Reached max children process limit: 5, extra: 1, current: 6, busy: 6, please increase LSAPI_CHILDREN.
[UID:65534][2341] Reached max children process limit: 5, extra: 1, current: 6, busy: 6, please increase LSAPI_CHILDREN.
[UID:65534][2341] Reached max children process limit: 5, extra: 1, current: 6, busy: 6, please increase LSAPI_CHILDREN.
[UID:65534][2341] Reached max children process limit: 5, extra: 1, current: 6, busy: 5, please increase LSAPI_CHILDREN.
[UID:65534][2341] Reached max children process limit: 5, extra: 1, current: 6, busy: 6, please increase LSAPI_CHILDREN.
[UID:65534][3531] Reached max children process limit: 5, extra: 1, current: 6, busy: 1, please increase LSAPI_CHILDREN.
[UID:65534][3531] Reached max children process limit: 5, extra: 1, current: 6, busy: 6, please increase LSAPI_CHILDREN.
[UID:65534][3531] Reached max children process limit: 5, extra: 1, current: 6, busy: 6, please increase LSAPI_CHILDREN.
[UID:65534][3531] Reached max children process limit: 5, extra: 1, current: 6, busy: 6, please increase LSAPI_CHILDREN.
[UID:65534][3531] Reached max children process limit: 5, extra: 1, current: 6, busy: 6, please increase LSAPI_CHILDREN.
[UID:65534][3531] Reached max children process limit: 5, extra: 1, current: 6, busy: 6, please increase LSAPI_CHILDREN.
[UID:65534][3531] Reached max children process limit: 5, extra: 1, current: 6, busy: 6, please increase LSAPI_CHILDREN.
[UID:65534][3531] Reached max children process limit: 5, extra: 1, current: 6, busy: 6, please increase LSAPI_CHILDREN.
[UID:65534][3531] Reached max children process limit: 5, extra: 1, current: 6, busy: 6, please increase LSAPI_CHILDREN.
[UID:65534][3531] Reached max children process limit: 5, extra: 1, current: 6, busy: 6, please increase LSAPI_CHILDREN.
[UID:65534][3531] Reached max children process limit: 5, extra: 1, current: 6, busy: 6, please increase LSAPI_CHILDREN.
[UID:65534][3531] Reached max children process limit: 5, extra: 1, current: 6, busy: 6, please increase LSAPI_CHILDREN.
[UID:65534][3531] Reached max children process limit: 5, extra: 1, current: 6, busy: 6, please increase LSAPI_CHILDREN.
[UID:65534][3531] Reached max children process limit: 5, extra: 1, current: 6, busy: 6, please increase LSAPI_CHILDREN.
[UID:65534][3531] Reached max children process limit: 5, extra: 1, current: 6, busy: 6, please increase LSAPI_CHILDREN.
[UID:65534][3531] Reached max children process limit: 5, extra: 1, current: 6, busy: 6, please increase LSAPI_CHILDREN.
[UID:65534][3531] Reached max children process limit: 5, extra: 1, current: 6, busy: 6, please increase LSAPI_CHILDREN.
[UID:65534][3531] Reached max children process limit: 5, extra: 1, current: 6, busy: 6, please increase LSAPI_CHILDREN.
[UID:65534][3531] Reached max children process limit: 5, extra: 1, current: 6, busy: 6, please increase LSAPI_CHILDREN.
[UID:65534][3531] Reached max children process limit: 5, extra: 1, current: 6, busy: 6, please increase LSAPI_CHILDREN.
[UID:65534][3531] Reached max children process limit: 5, extra: 1, current: 6, busy: 6, please increase LSAPI_CHILDREN.
[UID:65534][3531] Reached max children process limit: 5, extra: 1, current: 6, busy: 6, please increase LSAPI_CHILDREN.
[UID:65534][3531] Reached max children process limit: 5, extra: 1, current: 6, busy: 6, please increase LSAPI_CHILDREN.
[UID:65534][3531] Reached max children process limit: 5, extra: 1, current: 6, busy: 6, please increase LSAPI_CHILDREN.
[UID:65534][3531] Reached max children process limit: 5, extra: 1, current: 6, busy: 6, please increase LSAPI_CHILDREN.
[UID:65534][3531] Reached max children process limit: 5, extra: 1, current: 6, busy: 6, please increase LSAPI_CHILDREN.
[UID:65534][3531] Reached max children process limit: 5, extra: 1, current: 6, busy: 6, please increase LSAPI_CHILDREN.
[UID:65534][3531] Reached max children process limit: 5, extra: 1, current: 6, busy: 6, please increase LSAPI_CHILDREN.
[UID:65534][3531] Reached max children process limit: 5, extra: 1, current: 6, busy: 6, please increase LSAPI_CHILDREN.
[UID:65534][3531] Reached max children process limit: 5, extra: 1, current: 6, busy: 5, please increase LSAPI_CHILDREN.
[UID:65534][14838] Reached max children process limit: 5, extra: 1, current: 6, busy: 3, please increase LSAPI_CHILDREN.
[UID:65534][14838] Reached max children process limit: 5, extra: 1, current: 6, busy: 6, please increase LSAPI_CHILDREN.
[UID:65534][14838] Reached max children process limit: 5, extra: 1, current: 6, busy: 6, please increase LSAPI_CHILDREN.
[UID:65534][14838] Reached max children process limit: 5, extra: 1, current: 6, busy: 6, please increase LSAPI_CHILDREN.
[UID:65534][14838] Reached max children process limit: 5, extra: 1, current: 6, busy: 6, please increase LSAPI_CHILDREN.
[UID:65534][14838] Reached max children process limit: 5, extra: 1, current: 6, busy: 6, please increase LSAPI_CHILDREN.
[UID:65534][14838] Reached max children process limit: 5, extra: 1, current: 6, busy: 6, please increase LSAPI_CHILDREN.
[UID:65534][14838] Reached max children process limit: 5, extra: 1, current: 6, busy: 6, please increase LSAPI_CHILDREN.
[UID:65534][14838] Reached max children process limit: 5, extra: 1, current: 6, busy: 6, please increase LSAPI_CHILDREN.
[UID:65534][14838] Reached max children process limit: 5, extra: 1, current: 6, busy: 6, please increase LSAPI_CHILDREN.
[UID:65534][14838] Reached max children process limit: 5, extra: 1, current: 6, busy: 6, please increase LSAPI_CHILDREN.
[UID:65534][14838] Reached max children process limit: 5, extra: 1, current: 6, busy: 6, please increase LSAPI_CHILDREN.
[UID:65534][14838] Reached max children process limit: 5, extra: 1, current: 6, busy: 6, please increase LSAPI_CHILDREN.
[UID:65534][14838] Reached max children process limit: 5, extra: 1, current: 6, busy: 6, please increase LSAPI_CHILDREN.
[UID:65534][14838] Reached max children process limit: 5, extra: 1, current: 6, busy: 6, please increase LSAPI_CHILDREN.
[UID:65534][14838] Reached max children process limit: 5, extra: 1, current: 6, busy: 6, please increase LSAPI_CHILDREN.
[UID:65534][14838] Reached max children process limit: 5, extra: 1, current: 6, busy: 6, please increase LSAPI_CHILDREN.
[UID:65534][14838] Reached max children process limit: 5, extra: 1, current: 6, busy: 6, please increase LSAPI_CHILDREN.
[UID:65534][14838] Reached max children process limit: 5, extra: 1, current: 6, busy: 6, please increase LSAPI_CHILDREN.
[UID:65534][14838] Reached max children process limit: 5, extra: 1, current: 6, busy: 6, please increase LSAPI_CHILDREN.
[UID:65534][14838] Reached max children process limit: 5, extra: 1, current: 6, busy: 6, please increase LSAPI_CHILDREN.
[UID:65534][14838] Reached max children process limit: 5, extra: 1, current: 6, busy: 6, please increase LSAPI_CHILDREN.
[UID:65534][14838] Reached max children process limit: 5, extra: 1, current: 6, busy: 6, please increase LSAPI_CHILDREN.
[UID:65534][14838] Reached max children process limit: 5, extra: 1, current: 6, busy: 6, please increase LSAPI_CHILDREN.
[UID:65534][14838] Reached max children process limit: 5, extra: 1, current: 6, busy: 6, please increase LSAPI_CHILDREN.
[UID:65534][14838] Reached max children process limit: 5, extra: 1, current: 6, busy: 6, please increase LSAPI_CHILDREN.
[UID:65534][14838] Reached max children process limit: 5, extra: 1, current: 6, busy: 6, please increase LSAPI_CHILDREN.
[UID:65534][14838] Reached max children process limit: 5, extra: 1, current: 6, busy: 6, please increase LSAPI_CHILDREN.
[UID:65534][14838] Reached max children process limit: 5, extra: 1, current: 6, busy: 6, please increase LSAPI_CHILDREN.
[UID:65534][14838] Reached max children process limit: 5, extra: 1, current: 6, busy: 5, please increase LSAPI_CHILDREN.
[UID:65534][14838] Reached max children process limit: 5, extra: 1, current: 6, busy: 5, please increase LSAPI_CHILDREN.
[UID:65534][14879] Reached max children process limit: 5, extra: 1, current: 6, busy: 4, please increase LSAPI_CHILDREN.
[UID:65534][14879] Reached max children process limit: 5, extra: 1, current: 6, busy: 6, please increase LSAPI_CHILDREN.
[UID:65534][14879] Reached max children process limit: 5, extra: 1, current: 6, busy: 6, please increase LSAPI_CHILDREN.
[UID:65534][14879] Reached max children process limit: 5, extra: 1, current: 6, busy: 6, please increase LSAPI_CHILDREN.
[UID:65534][14879] Reached max children process limit: 5, extra: 1, current: 6, busy: 6, please increase LSAPI_CHILDREN.
[UID:65534][14879] Reached max children process limit: 5, extra: 1, current: 6, busy: 6, please increase LSAPI_CHILDREN.
[UID:65534][14879] Reached max children process limit: 5, extra: 1, current: 6, busy: 6, please increase LSAPI_CHILDREN.
[UID:65534][14879] Reached max children process limit: 5, extra: 1, current: 6, busy: 6, please increase LSAPI_CHILDREN.
[UID:65534][14879] Reached max children process limit: 5, extra: 1, current: 6, busy: 6, please increase LSAPI_CHILDREN.
[UID:65534][14879] Reached max children process limit: 5, extra: 1, current: 6, busy: 6, please increase LSAPI_CHILDREN.
[UID:65534][14879] Reached max children process limit: 5, extra: 1, current: 6, busy: 6, please increase LSAPI_CHILDREN.
[UID:65534][14879] Reached max children process limit: 5, extra: 1, current: 6, busy: 6, please increase LSAPI_CHILDREN.
[UID:65534][14879] Reached max children process limit: 5, extra: 1, current: 6, busy: 6, please increase LSAPI_CHILDREN.
[UID:65534][14879] Reached max children process limit: 5, extra: 1, current: 6, busy: 6, please increase LSAPI_CHILDREN.
[UID:65534][14879] Reached max children process limit: 5, extra: 1, current: 6, busy: 6, please increase LSAPI_CHILDREN.
[UID:65534][14879] Reached max children process limit: 5, extra: 1, current: 6, busy: 6, please increase LSAPI_CHILDREN.
[UID:65534][14879] Reached max children process limit: 5, extra: 1, current: 6, busy: 6, please increase LSAPI_CHILDREN.
[UID:65534][14879] Reached max children process limit: 5, extra: 1, current: 6, busy: 6, please increase LSAPI_CHILDREN.
[UID:65534][14879] Reached max children process limit: 5, extra: 1, current: 6, busy: 6, please increase LSAPI_CHILDREN.
[UID:65534][14879] Reached max children process limit: 5, extra: 1, current: 6, busy: 6, please increase LSAPI_CHILDREN.
[UID:65534][14879] Reached max children process limit: 5, extra: 1, current: 6, busy: 6, please increase LSAPI_CHILDREN.
[UID:65534][14879] Reached max children process limit: 5, extra: 1, current: 6, busy: 6, please increase LSAPI_CHILDREN.
[UID:65534][14879] Reached max children process limit: 5, extra: 1, current: 6, busy: 6, please increase LSAPI_CHILDREN.
[UID:65534][14879] Reached max children process limit: 5, extra: 1, current: 6, busy: 6, please increase LSAPI_CHILDREN.
[UID:65534][14879] Reached max children process limit: 5, extra: 1, current: 6, busy: 6, please increase LSAPI_CHILDREN.
[UID:65534][14879] Reached max children process limit: 5, extra: 1, current: 6, busy: 6, please increase LSAPI_CHILDREN.
[UID:65534][14879] Reached max children process limit: 5, extra: 1, current: 6, busy: 6, please increase LSAPI_CHILDREN.
[UID:65534][14879] Reached max children process limit: 5, extra: 1, current: 6, busy: 5, please increase LSAPI_CHILDREN.
[UID:65534][14879] Reached max children process limit: 5, extra: 1, current: 6, busy: 4, please increase LSAPI_CHILDREN.
[UID:65534][19476] Reached max children process limit: 5, extra: 1, current: 6, busy: 3, please increase LSAPI_CHILDREN.
[UID:65534][19476] Reached max children process limit: 5, extra: 1, current: 6, busy: 6, please increase LSAPI_CHILDREN.
[UID:65534][19476] Reached max children process limit: 5, extra: 1, current: 6, busy: 6, please increase LSAPI_CHILDREN.
[UID:65534][19476] Reached max children process limit: 5, extra: 1, current: 6, busy: 6, please increase LSAPI_CHILDREN.
[UID:65534][19476] Reached max children process limit: 5, extra: 1, current: 6, busy: 6, please increase LSAPI_CHILDREN.
[UID:65534][19476] Reached max children process limit: 5, extra: 1, current: 6, busy: 6, please increase LSAPI_CHILDREN.
[UID:65534][19476] Reached max children process limit: 5, extra: 1, current: 6, busy: 6, please increase LSAPI_CHILDREN.
[UID:65534][19476] Reached max children process limit: 5, extra: 1, current: 6, busy: 6, please increase LSAPI_CHILDREN.
[UID:65534][19476] Reached max children process limit: 5, extra: 1, current: 6, busy: 6, please increase LSAPI_CHILDREN.
[UID:65534][19476] Reached max children process limit: 5, extra: 1, current: 6, busy: 6, please increase LSAPI_CHILDREN.
[UID:65534][19476] Reached max children process limit: 5, extra: 1, current: 6, busy: 6, please increase LSAPI_CHILDREN.
[UID:65534][19476] Reached max children process limit: 5, extra: 1, current: 6, busy: 6, please increase LSAPI_CHILDREN.
[UID:65534][19476] Reached max children process limit: 5, extra: 1, current: 6, busy: 6, please increase LSAPI_CHILDREN.
[UID:65534][19476] Reached max children process limit: 5, extra: 1, current: 6, busy: 6, please increase LSAPI_CHILDREN.
[UID:65534][19476] Reached max children process limit: 5, extra: 1, current: 6, busy: 6, please increase LSAPI_CHILDREN.
[UID:65534][19476] Reached max children process limit: 5, extra: 1, current: 6, busy: 6, please increase LSAPI_CHILDREN.
[UID:65534][19476] Reached max children process limit: 5, extra: 1, current: 6, busy: 6, please increase LSAPI_CHILDREN.
[UID:65534][19476] Reached max children process limit: 5, extra: 1, current: 6, busy: 6, please increase LSAPI_CHILDREN.
[UID:65534][19476] Reached max children process limit: 5, extra: 1, current: 6, busy: 6, please increase LSAPI_CHILDREN.
[UID:65534][19476] Reached max children process limit: 5, extra: 1, current: 6, busy: 6, please increase LSAPI_CHILDREN.
[UID:65534][19476] Reached max children process limit: 5, extra: 1, current: 6, busy: 6, please increase LSAPI_CHILDREN.
[UID:65534][19476] Reached max children process limit: 5, extra: 1, current: 6, busy: 6, please increase LSAPI_CHILDREN.
[UID:65534][19476] Reached max children process limit: 5, extra: 1, current: 6, busy: 6, please increase LSAPI_CHILDREN.
[UID:65534][19476] Reached max children process limit: 5, extra: 1, current: 6, busy: 6, please increase LSAPI_CHILDREN.
[UID:65534][19476] Reached max children process limit: 5, extra: 1, current: 6, busy: 6, please increase LSAPI_CHILDREN.
[UID:65534][19476] Reached max children process limit: 5, extra: 1, current: 6, busy: 6, please increase LSAPI_CHILDREN.
[UID:65534][19476] Reached max children process limit: 5, extra: 1, current: 6, busy: 6, please increase LSAPI_CHILDREN.
[UID:65534][19476] Reached max children process limit: 5, extra: 1, current: 6, busy: 6, please increase LSAPI_CHILDREN.
[UID:65534][19476] Reached max children process limit: 5, extra: 1, current: 6, busy: 6, please increase LSAPI_CHILDREN.
[UID:65534][19476] Reached max children process limit: 5, extra: 1, current: 6, busy: 5, please increase LSAPI_CHILDREN.
[UID:65534][20033] Reached max children process limit: 5, extra: 1, current: 6, busy: 3, please increase LSAPI_CHILDREN.
[UID:65534][20033] Reached max children process limit: 5, extra: 1, current: 6, busy: 6, please increase LSAPI_CHILDREN.
[UID:65534][20033] Reached max children process limit: 5, extra: 1, current: 6, busy: 6, please increase LSAPI_CHILDREN.
[UID:65534][20033] Reached max children process limit: 5, extra: 1, current: 6, busy: 6, please increase LSAPI_CHILDREN.
[UID:65534][20033] Reached max children process limit: 5, extra: 1, current: 6, busy: 6, please increase LSAPI_CHILDREN.
[UID:65534][20033] Reached max children process limit: 5, extra: 1, current: 6, busy: 6, please increase LSAPI_CHILDREN.
[UID:65534][20033] Reached max children process limit: 5, extra: 1, current: 6, busy: 6, please increase LSAPI_CHILDREN.
[UID:65534][20033] Reached max children process limit: 5, extra: 1, current: 6, busy: 6, please increase LSAPI_CHILDREN.
[UID:65534][20033] Reached max children process limit: 5, extra: 1, current: 6, busy: 6, please increase LSAPI_CHILDREN.
[UID:65534][20033] Reached max children process limit: 5, extra: 1, current: 6, busy: 6, please increase LSAPI_CHILDREN.
[UID:65534][20033] Reached max children process limit: 5, extra: 1, current: 6, busy: 6, please increase LSAPI_CHILDREN.
[UID:65534][20033] Reached max children process limit: 5, extra: 1, current: 6, busy: 6, please increase LSAPI_CHILDREN.
[UID:65534][20033] Reached max children process limit: 5, extra: 1, current: 6, busy: 6, please increase LSAPI_CHILDREN.
[UID:65534][20033] Reached max children process limit: 5, extra: 1, current: 6, busy: 6, please increase LSAPI_CHILDREN.
[UID:65534][20033] Reached max children process limit: 5, extra: 1, current: 6, busy: 6, please increase LSAPI_CHILDREN.
[UID:65534][20033] Reached max children process limit: 5, extra: 1, current: 6, busy: 6, please increase LSAPI_CHILDREN.
[UID:65534][20033] Reached max children process limit: 5, extra: 1, current: 6, busy: 6, please increase LSAPI_CHILDREN.
[UID:65534][20033] Reached max children process limit: 5, extra: 1, current: 6, busy: 6, please increase LSAPI_CHILDREN.
[UID:65534][20033] Reached max children process limit: 5, extra: 1, current: 6, busy: 6, please increase LSAPI_CHILDREN.
[UID:65534][20033] Reached max children process limit: 5, extra: 1, current: 6, busy: 6, please increase LSAPI_CHILDREN.
[UID:65534][20033] Reached max children process limit: 5, extra: 1, current: 6, busy: 6, please increase LSAPI_CHILDREN.
[UID:65534][20033] Reached max children process limit: 5, extra: 1, current: 6, busy: 6, please increase LSAPI_CHILDREN.
[UID:65534][20033] Reached max children process limit: 5, extra: 1, current: 6, busy: 6, please increase LSAPI_CHILDREN.
[UID:65534][20033] Reached max children process limit: 5, extra: 1, current: 6, busy: 6, please increase LSAPI_CHILDREN.
[UID:65534][20033] Reached max children process limit: 5, extra: 1, current: 6, busy: 6, please increase LSAPI_CHILDREN.
[UID:65534][20033] Reached max children process limit: 5, extra: 1, current: 6, busy: 6, please increase LSAPI_CHILDREN.
[UID:65534][20033] Reached max children process limit: 5, extra: 1, current: 6, busy: 6, please increase LSAPI_CHILDREN.
[UID:65534][20033] Reached max children process limit: 5, extra: 1, current: 6, busy: 5, please increase LSAPI_CHILDREN.
[UID:65534][21362] Reached max children process limit: 5, extra: 1, current: 6, busy: 3, please increase LSAPI_CHILDREN.
[UID:65534][21362] Reached max children process limit: 5, extra: 1, current: 6, busy: 6, please increase LSAPI_CHILDREN.
[UID:65534][21362] Reached max children process limit: 5, extra: 1, current: 6, busy: 6, please increase LSAPI_CHILDREN.
[UID:65534][21362] Reached max children process limit: 5, extra: 1, current: 6, busy: 6, please increase LSAPI_CHILDREN.
[UID:65534][21362] Reached max children process limit: 5, extra: 1, current: 6, busy: 6, please increase LSAPI_CHILDREN.
[UID:65534][21362] Reached max children process limit: 5, extra: 1, current: 6, busy: 6, please increase LSAPI_CHILDREN.
[UID:65534][21362] Reached max children process limit: 5, extra: 1, current: 6, busy: 6, please increase LSAPI_CHILDREN.
[UID:65534][21362] Reached max children process limit: 5, extra: 1, current: 6, busy: 6, please increase LSAPI_CHILDREN.
[UID:65534][21362] Reached max children process limit: 5, extra: 1, current: 6, busy: 6, please increase LSAPI_CHILDREN.
[UID:65534][21362] Reached max children process limit: 5, extra: 1, current: 6, busy: 6, please increase LSAPI_CHILDREN.
[UID:65534][21362] Reached max children process limit: 5, extra: 1, current: 6, busy: 6, please increase LSAPI_CHILDREN.
[UID:65534][21362] Reached max children process limit: 5, extra: 1, current: 6, busy: 6, please increase LSAPI_CHILDREN.
[UID:65534][21362] Reached max children process limit: 5, extra: 1, current: 6, busy: 6, please increase LSAPI_CHILDREN.
[UID:65534][21362] Reached max children process limit: 5, extra: 1, current: 6, busy: 6, please increase LSAPI_CHILDREN.
[UID:65534][21362] Reached max children process limit: 5, extra: 1, current: 6, busy: 6, please increase LSAPI_CHILDREN.
[UID:65534][21362] Reached max children process limit: 5, extra: 1, current: 6, busy: 6, please increase LSAPI_CHILDREN.
[UID:65534][21362] Reached max children process limit: 5, extra: 1, current: 6, busy: 6, please increase LSAPI_CHILDREN.
[UID:65534][21362] Reached max children process limit: 5, extra: 1, current: 6, busy: 6, please increase LSAPI_CHILDREN.
[UID:65534][21362] Reached max children process limit: 5, extra: 1, current: 6, busy: 6, please increase LSAPI_CHILDREN.
[UID:65534][21362] Reached max children process limit: 5, extra: 1, current: 6, busy: 6, please increase LSAPI_CHILDREN.
[UID:65534][21362] Reached max children process limit: 5, extra: 1, current: 6, busy: 6, please increase LSAPI_CHILDREN.
[UID:65534][21362] Reached max children process limit: 5, extra: 1, current: 6, busy: 6, please increase LSAPI_CHILDREN.
[UID:65534][21362] Reached max children process limit: 5, extra: 1, current: 6, busy: 6, please increase LSAPI_CHILDREN.
[UID:65534][21362] Reached max children process limit: 5, extra: 1, current: 6, busy: 6, please increase LSAPI_CHILDREN.
[UID:65534][21362] Reached max children process limit: 5, extra: 1, current: 6, busy: 6, please increase LSAPI_CHILDREN.
[UID:65534][21362] Reached max children process limit: 5, extra: 1, current: 6, busy: 6, please increase LSAPI_CHILDREN.
[UID:65534][21362] Reached max children process limit: 5, extra: 1, current: 6, busy: 6, please increase LSAPI_CHILDREN.
[UID:65534][21362] Reached max children process limit: 5, extra: 1, current: 6, busy: 6, please increase LSAPI_CHILDREN.
[UID:65534][21362] Reached max children process limit: 5, extra: 1, current: 6, busy: 5, please increase LSAPI_CHILDREN.
[UID:65534][92514] Reached max children process limit: 5, extra: 1, current: 6, busy: 5, please increase LSAPI_CHILDREN.
[UID:65534][92514] Reached max children process limit: 5, extra: 1, current: 6, busy: 6, please increase LSAPI_CHILDREN.
[UID:65534][92514] Reached max children process limit: 5, extra: 1, current: 6, busy: 6, please increase LSAPI_CHILDREN.
[UID:65534][92514] Reached max children process limit: 5, extra: 1, current: 6, busy: 6, please increase LSAPI_CHILDREN.
[UID:65534][92514] Reached max children process limit: 5, extra: 1, current: 6, busy: 6, please increase LSAPI_CHILDREN.
[UID:65534][92514] Reached max children process limit: 5, extra: 1, current: 6, busy: 6, please increase LSAPI_CHILDREN.
[UID:65534][92514] Reached max children process limit: 5, extra: 1, current: 6, busy: 6, please increase LSAPI_CHILDREN.
[UID:65534][92514] Reached max children process limit: 5, extra: 1, current: 6, busy: 6, please increase LSAPI_CHILDREN.
[UID:65534][92514] Reached max children process limit: 5, extra: 1, current: 6, busy: 6, please increase LSAPI_CHILDREN.
[UID:65534][92514] Reached max children process limit: 5, extra: 1, current: 6, busy: 6, please increase LSAPI_CHILDREN.
[UID:65534][92514] Reached max children process limit: 5, extra: 1, current: 6, busy: 6, please increase LSAPI_CHILDREN.
[UID:65534][92514] Reached max children process limit: 5, extra: 1, current: 6, busy: 6, please increase LSAPI_CHILDREN.
[UID:65534][92514] Reached max children process limit: 5, extra: 1, current: 6, busy: 6, please increase LSAPI_CHILDREN.
[UID:65534][92514] Reached max children process limit: 5, extra: 1, current: 6, busy: 6, please increase LSAPI_CHILDREN.
[UID:65534][92514] Reached max children process limit: 5, extra: 1, current: 6, busy: 6, please increase LSAPI_CHILDREN.
[UID:65534][92514] Reached max children process limit: 5, extra: 1, current: 6, busy: 6, please increase LSAPI_CHILDREN.
[UID:65534][92514] Reached max children process limit: 5, extra: 1, current: 6, busy: 6, please increase LSAPI_CHILDREN.
[UID:65534][92514] Reached max children process limit: 5, extra: 1, current: 6, busy: 6, please increase LSAPI_CHILDREN.
[UID:65534][92514] Reached max children process limit: 5, extra: 1, current: 6, busy: 6, please increase LSAPI_CHILDREN.
[UID:65534][92514] Reached max children process limit: 5, extra: 1, current: 6, busy: 6, please increase LSAPI_CHILDREN.
[UID:65534][92514] Reached max children process limit: 5, extra: 1, current: 6, busy: 6, please increase LSAPI_CHILDREN.
[UID:65534][92514] Reached max children process limit: 5, extra: 1, current: 6, busy: 6, please increase LSAPI_CHILDREN.
[UID:65534][92514] Reached max children process limit: 5, extra: 1, current: 6, busy: 6, please increase LSAPI_CHILDREN.
[UID:65534][92514] Reached max children process limit: 5, extra: 1, current: 6, busy: 6, please increase LSAPI_CHILDREN.
[UID:65534][92514] Reached max children process limit: 5, extra: 1, current: 6, busy: 6, please increase LSAPI_CHILDREN.
[UID:65534][92514] Reached max children process limit: 5, extra: 1, current: 6, busy: 6, please increase LSAPI_CHILDREN.
[UID:65534][92514] Reached max children process limit: 5, extra: 1, current: 6, busy: 6, please increase LSAPI_CHILDREN.
[UID:65534][92514] Reached max children process limit: 5, extra: 1, current: 6, busy: 6, please increase LSAPI_CHILDREN.
[UID:65534][92514] Reached max children process limit: 5, extra: 1, current: 6, busy: 6, please increase LSAPI_CHILDREN.
[UID:65534][92514] Reached max children process limit: 5, extra: 1, current: 6, busy: 6, please increase LSAPI_CHILDREN.
[UID:65534][92514] Reached max children process limit: 5, extra: 1, current: 6, busy: 6, please increase LSAPI_CHILDREN.
[UID:65534][92514] Reached max children process limit: 5, extra: 1, current: 6, busy: 6, please increase LSAPI_CHILDREN.
[UID:65534][92514] Reached max children process limit: 5, extra: 1, current: 6, busy: 6, please increase LSAPI_CHILDREN.
[UID:65534][92514] Reached max children process limit: 5, extra: 1, current: 6, busy: 6, please increase LSAPI_CHILDREN.
[UID:65534][92514] Reached max children process limit: 5, extra: 1, current: 6, busy: 6, please increase LSAPI_CHILDREN.
[UID:65534][92514] Reached max children process limit: 5, extra: 1, current: 6, busy: 6, please increase LSAPI_CHILDREN.
[UID:65534][92514] Reached max children process limit: 5, extra: 1, current: 6, busy: 6, please increase LSAPI_CHILDREN.
[UID:65534][92514] Reached max children process limit: 5, extra: 1, current: 6, busy: 6, please increase LSAPI_CHILDREN.
[UID:65534][92514] Reached max children process limit: 5, extra: 1, current: 6, busy: 6, please increase LSAPI_CHILDREN.
[UID:65534][92514] Reached max children process limit: 5, extra: 1, current: 6, busy: 6, please increase LSAPI_CHILDREN.
[UID:65534][92514] Reached max children process limit: 5, extra: 1, current: 6, busy: 6, please increase LSAPI_CHILDREN.
[UID:65534][92514] Reached max children process limit: 5, extra: 1, current: 6, busy: 5, please increase LSAPI_CHILDREN.
[UID:65534][92514] Reached max children process limit: 5, extra: 1, current: 6, busy: 5, please increase LSAPI_CHILDREN.
[UID:65534][131354] Reached max children process limit: 5, extra: 1, current: 6, busy: 4, please increase LSAPI_CHILDREN.
[UID:65534][131354] Reached max children process limit: 5, extra: 1, current: 6, busy: 6, please increase LSAPI_CHILDREN.
[UID:65534][131354] Reached max children process limit: 5, extra: 1, current: 6, busy: 6, please increase LSAPI_CHILDREN.
[UID:65534][131354] Reached max children process limit: 5, extra: 1, current: 6, busy: 6, please increase LSAPI_CHILDREN.
[UID:65534][131354] Reached max children process limit: 5, extra: 1, current: 6, busy: 6, please increase LSAPI_CHILDREN.
[UID:65534][131354] Reached max children process limit: 5, extra: 1, current: 6, busy: 6, please increase LSAPI_CHILDREN.
[UID:65534][131354] Reached max children process limit: 5, extra: 1, current: 6, busy: 6, please increase LSAPI_CHILDREN.
[UID:65534][131354] Reached max children process limit: 5, extra: 1, current: 6, busy: 6, please increase LSAPI_CHILDREN.
[UID:65534][131354] Reached max children process limit: 5, extra: 1, current: 6, busy: 6, please increase LSAPI_CHILDREN.
[UID:65534][131354] Reached max children process limit: 5, extra: 1, current: 6, busy: 6, please increase LSAPI_CHILDREN.
[UID:65534][131354] Reached max children process limit: 5, extra: 1, current: 6, busy: 6, please increase LSAPI_CHILDREN.
[UID:65534][131354] Reached max children process limit: 5, extra: 1, current: 6, busy: 6, please increase LSAPI_CHILDREN.
[UID:65534][131354] Reached max children process limit: 5, extra: 1, current: 6, busy: 6, please increase LSAPI_CHILDREN.
[UID:65534][131354] Reached max children process limit: 5, extra: 1, current: 6, busy: 6, please increase LSAPI_CHILDREN.
[UID:65534][131354] Reached max children process limit: 5, extra: 1, current: 6, busy: 6, please increase LSAPI_CHILDREN.
[UID:65534][131354] Reached max children process limit: 5, extra: 1, current: 6, busy: 6, please increase LSAPI_CHILDREN.
[UID:65534][131354] Reached max children process limit: 5, extra: 1, current: 6, busy: 6, please increase LSAPI_CHILDREN.
[UID:65534][131354] Reached max children process limit: 5, extra: 1, current: 6, busy: 6, please increase LSAPI_CHILDREN.
[UID:65534][131354] Reached max children process limit: 5, extra: 1, current: 6, busy: 6, please increase LSAPI_CHILDREN.
[UID:65534][131354] Reached max children process limit: 5, extra: 1, current: 6, busy: 6, please increase LSAPI_CHILDREN.
[UID:65534][131354] Reached max children process limit: 5, extra: 1, current: 6, busy: 6, please increase LSAPI_CHILDREN.
[UID:65534][131354] Reached max children process limit: 5, extra: 1, current: 6, busy: 6, please increase LSAPI_CHILDREN.
[UID:65534][131354] Reached max children process limit: 5, extra: 1, current: 6, busy: 6, please increase LSAPI_CHILDREN.
[UID:65534][131354] Reached max children process limit: 5, extra: 1, current: 6, busy: 6, please increase LSAPI_CHILDREN.
[UID:65534][131354] Reached max children process limit: 5, extra: 1, current: 6, busy: 6, please increase LSAPI_CHILDREN.
[UID:65534][136423] Reached max children process limit: 5, extra: 1, current: 6, busy: 6, please increase LSAPI_CHILDREN.
[UID:65534][136423] Reached max children process limit: 5, extra: 1, current: 6, busy: 6, please increase LSAPI_CHILDREN.
[UID:65534][136423] Reached max children process limit: 5, extra: 1, current: 6, busy: 6, please increase LSAPI_CHILDREN.
[UID:65534][136423] Reached max children process limit: 5, extra: 1, current: 6, busy: 6, please increase LSAPI_CHILDREN.
[UID:65534][136423] Reached max children process limit: 5, extra: 1, current: 6, busy: 6, please increase LSAPI_CHILDREN.
[UID:65534][136423] Reached max children process limit: 5, extra: 1, current: 6, busy: 6, please increase LSAPI_CHILDREN.
[UID:65534][136423] Reached max children process limit: 5, extra: 1, current: 6, busy: 6, please increase LSAPI_CHILDREN.
[UID:65534][136423] Reached max children process limit: 5, extra: 1, current: 6, busy: 6, please increase LSAPI_CHILDREN.
[UID:65534][136423] Reached max children process limit: 5, extra: 1, current: 6, busy: 6, please increase LSAPI_CHILDREN.
[UID:65534][136423] Reached max children process limit: 5, extra: 1, current: 6, busy: 6, please increase LSAPI_CHILDREN.
[UID:65534][136423] Reached max children process limit: 5, extra: 1, current: 6, busy: 6, please increase LSAPI_CHILDREN.
[UID:65534][136423] Reached max children process limit: 5, extra: 1, current: 6, busy: 6, please increase LSAPI_CHILDREN.
[UID:65534][136423] Reached max children process limit: 5, extra: 1, current: 6, busy: 6, please increase LSAPI_CHILDREN.
[UID:65534][136423] Reached max children process limit: 5, extra: 1, current: 6, busy: 6, please increase LSAPI_CHILDREN.
[UID:65534][136423] Reached max children process limit: 5, extra: 1, current: 6, busy: 6, please increase LSAPI_CHILDREN.
[UID:65534][136423] Reached max children process limit: 5, extra: 1, current: 6, busy: 6, please increase LSAPI_CHILDREN.
[UID:65534][136423] Reached max children process limit: 5, extra: 1, current: 6, busy: 6, please increase LSAPI_CHILDREN.
[UID:65534][136423] Reached max children process limit: 5, extra: 1, current: 6, busy: 6, please increase LSAPI_CHILDREN.
[UID:65534][136423] Reached max children process limit: 5, extra: 1, current: 6, busy: 6, please increase LSAPI_CHILDREN.
[UID:65534][136423] Reached max children process limit: 5, extra: 1, current: 6, busy: 6, please increase LSAPI_CHILDREN.
[UID:65534][136423] Reached max children process limit: 5, extra: 1, current: 6, busy: 6, please increase LSAPI_CHILDREN.
[UID:65534][136423] Reached max children process limit: 5, extra: 1, current: 6, busy: 6, please increase LSAPI_CHILDREN.
[UID:65534][136423] Reached max children process limit: 5, extra: 1, current: 6, busy: 6, please increase LSAPI_CHILDREN.
[UID:65534][136423] Reached max children process limit: 5, extra: 1, current: 6, busy: 6, please increase LSAPI_CHILDREN.
[UID:65534][136423] Reached max children process limit: 5, extra: 1, current: 6, busy: 6, please increase LSAPI_CHILDREN.
[UID:65534][136709] Reached max children process limit: 5, extra: 1, current: 6, busy: 6, please increase LSAPI_CHILDREN.
[UID:65534][136709] Reached max children process limit: 5, extra: 1, current: 6, busy: 6, please increase LSAPI_CHILDREN.
[UID:65534][136709] Reached max children process limit: 5, extra: 1, current: 6, busy: 6, please increase LSAPI_CHILDREN.
[UID:65534][136709] Reached max children process limit: 5, extra: 1, current: 6, busy: 6, please increase LSAPI_CHILDREN.
[UID:65534][136709] Reached max children process limit: 5, extra: 1, current: 6, busy: 6, please increase LSAPI_CHILDREN.
[UID:65534][136709] Reached max children process limit: 5, extra: 1, current: 6, busy: 6, please increase LSAPI_CHILDREN.
[UID:65534][136709] Reached max children process limit: 5, extra: 1, current: 6, busy: 6, please increase LSAPI_CHILDREN.
[UID:65534][136709] Reached max children process limit: 5, extra: 1, current: 6, busy: 6, please increase LSAPI_CHILDREN.
[UID:65534][136709] Reached max children process limit: 5, extra: 1, current: 6, busy: 6, please increase LSAPI_CHILDREN.
[UID:65534][136709] Reached max children process limit: 5, extra: 1, current: 6, busy: 6, please increase LSAPI_CHILDREN.
[UID:65534][136709] Reached max children process limit: 5, extra: 1, current: 6, busy: 6, please increase LSAPI_CHILDREN.
[UID:65534][136709] Reached max children process limit: 5, extra: 1, current: 6, busy: 6, please increase LSAPI_CHILDREN.
[UID:65534][136709] Reached max children process limit: 5, extra: 1, current: 6, busy: 6, please increase LSAPI_CHILDREN.
[UID:65534][136709] Reached max children process limit: 5, extra: 1, current: 6, busy: 6, please increase LSAPI_CHILDREN.
[UID:65534][136709] Reached max children process limit: 5, extra: 1, current: 6, busy: 6, please increase LSAPI_CHILDREN.
[UID:65534][136709] Reached max children process limit: 5, extra: 1, current: 6, busy: 6, please increase LSAPI_CHILDREN.
[UID:65534][136709] Reached max children process limit: 5, extra: 1, current: 6, busy: 6, please increase LSAPI_CHILDREN.
[UID:65534][136709] Reached max children process limit: 5, extra: 1, current: 6, busy: 6, please increase LSAPI_CHILDREN.
[UID:65534][136709] Reached max children process limit: 5, extra: 1, current: 6, busy: 6, please increase LSAPI_CHILDREN.
[UID:65534][136709] Reached max children process limit: 5, extra: 1, current: 6, busy: 6, please increase LSAPI_CHILDREN.
[UID:65534][136709] Reached max children process limit: 5, extra: 1, current: 6, busy: 6, please increase LSAPI_CHILDREN.
[UID:65534][136709] Reached max children process limit: 5, extra: 1, current: 6, busy: 6, please increase LSAPI_CHILDREN.
[UID:65534][136709] Reached max children process limit: 5, extra: 1, current: 6, busy: 5, please increase LSAPI_CHILDREN.
[UID:65534][136709] Reached max children process limit: 5, extra: 1, current: 6, busy: 5, please increase LSAPI_CHILDREN.
[UID:65534][136709] Reached max children process limit: 5, extra: 1, current: 6, busy: 6, please increase LSAPI_CHILDREN.
[UID:65534][136709] Reached max children process limit: 5, extra: 1, current: 6, busy: 6, please increase LSAPI_CHILDREN.
[UID:65534][136709] Reached max children process limit: 5, extra: 1, current: 6, busy: 6, please increase LSAPI_CHILDREN.
